// Jest Snapshot v1, https://goo.gl/fbAQLP

exports[`<AdminGuesser /> renders errors 1`] = `
<div>
  Error while reading the API schema
</div>
`;

exports[`<AdminGuesser /> renders loading 1`] = `
<Connect(TranslationProviderView)>
  <WithStyles(translate(Loading)) />
</Connect(TranslationProviderView)>
`;

exports[`<AdminGuesser /> renders without custom resources 1`] = `
<withContext(CoreAdminBase)
  appLayout={[Function]}
  catchAll={[Function]}
  loading={[Function]}
  loginPage={[Function]}
  logoutButton={[Function]}
>
  <ResourceGuesser
    name="books"
  />
</withContext(CoreAdminBase)>
`;
